* using log directory ‘/home/davide/my_projects/DBCV_index_R_package/DBCVindex.Rcheck’
* using R version 4.3.1 (2023-06-16)
* using platform: x86_64-conda-linux-gnu (64-bit)
* R was compiled by
    x86_64-conda-linux-gnu-cc (Anaconda gcc) 11.2.0
    GNU Fortran (Anaconda gcc) 11.2.0
* running under: Ubuntu 24.04.2 LTS
* using session charset: UTF-8
* using option ‘--as-cran’
* checking for file ‘DBCVindex/DESCRIPTION’ ... OK
* this is package ‘DBCVindex’ version ‘1.3’
* package encoding: UTF-8
* checking CRAN incoming feasibility ... [3s/11s] NOTE
Maintainer: ‘Davide Chicco <davidechicco@davidechicco.it>’

New submission

Package was archived on CRAN

CRAN repository db overrides:
  X-CRAN-Comment: Archived on 2024-12-20 at the maintainer's request.

Found the following (possibly) invalid URLs:
  URL: https://github.com/davidechicco/DBCVindex
    From: DESCRIPTION
    Status: 404
    Message: Not Found
  URL: https://github.com/davidechicco/DBCVindex/issues
    From: DESCRIPTION
    Status: 404
    Message: Not Found
* checking package namespace information ... OK
* checking package dependencies ... ERROR
Namespace dependencies missing from DESCRIPTION Imports/Depends entries:
  'Matrix', 'pacman'

See section ‘The DESCRIPTION file’ in the ‘Writing R Extensions’
manual.
* DONE
Status: 1 ERROR, 1 NOTE
